// Jest Snapshot v1, https://goo.gl/fbAQLP

exports[`<TodoList /> matches snapshot 1`] = `
<div
  className="todo-container"
>
  <h1>
    Todos
  </h1>
  <input
    onChange={[Function]}
    type="text"
    value=""
  />
  <ul />
  <button
    className="todo-add"
    onClick={[Function]}
  >
    Add Todo
  </button>
</div>
`;
